00:00 +0: loading C:/Users/ghjgjhgjgjg/Desktop/swipify/frontend/test/cart_test.dart
00:00 +0: C:/Users/ghjgjhgjgjg/Desktop/swipify/frontend/test/cart_test.dart: Cart Enrichment & Calculation CartItemModel correctly parses nested product enrichment
00:00 +1: C:/Users/ghjgjhgjgjg/Desktop/swipify/frontend/test/cart_test.dart: Cart Enrichment & Calculation CartItemModel handles missing product gracefully
00:00 +2: C:/Users/ghjgjhgjgjg/Desktop/swipify/frontend/test/cart_test.dart: Cart Checkout Grouping Logic Should split cart into unique orders per seller
[TEST] Multi-seller grouping logic verified (Part 3)
00:00 +3: C:/Users/ghjgjhgjgjg/Desktop/swipify/frontend/test/core/constants_test.dart: AppConstants bannerImages should have at least one banner image URL
00:00 +4: C:/Users/ghjgjhgjgjg/Desktop/swipify/frontend/test/core/constants_test.dart: AppConstants bannerImages every banner URL should start with http
00:00 +5: C:/Users/ghjgjhgjgjg/Desktop/swipify/frontend/test/core/constants_test.dart: AppConstants brands should have at least one brand
00:00 +6: C:/Users/ghjgjhgjgjg/Desktop/swipify/frontend/test/core/constants_test.dart: AppConstants brands every brand must have name and icon keys
00:00 +7: C:/Users/ghjgjhgjgjg/Desktop/swipify/frontend/test/core/constants_test.dart: AppConstants brands brand names should be non-empty strings
00:00 +8: C:/Users/ghjgjhgjgjg/Desktop/swipify/frontend/test/core/constants_test.dart: AppConstants brands should have well-known brand names
00:00 +9: C:/Users/ghjgjhgjgjg/Desktop/swipify/frontend/test/core/constants_test.dart: AppConstants paddingMedium should be a positive number
00:01 +10: C:/Users/ghjgjhgjgjg/Desktop/swipify/frontend/test/core/theme_test.dart: SwipifyTheme primaryColor should be the correct charcoal hex
00:01 +11: C:/Users/ghjgjhgjgjg/Desktop/swipify/frontend/test/core/theme_test.dart: SwipifyTheme backgroundColor should be a light grey
00:01 +12: C:/Users/ghjgjhgjgjg/Desktop/swipify/frontend/test/core/theme_test.dart: SwipifyTheme lightTheme should return a ThemeData instance
00:02 +13: C:/Users/ghjgjhgjgjg/Desktop/swipify/frontend/test/core/theme_test.dart: SwipifyTheme lightTheme scaffoldBackgroundColor matches backgroundColor
00:02 +14: C:/Users/ghjgjhgjgjg/Desktop/swipify/frontend/test/features/auth/login_screen_test.dart: (setUpAll)
00:02 +15: C:/Users/ghjgjhgjgjg/Desktop/swipify/frontend/test/features/auth/login_screen_test.dart: (setUpAll)
00:02 +16: C:/Users/ghjgjhgjgjg/Desktop/swipify/frontend/test/features/auth/login_screen_test.dart: (setUpAll)
00:02 +16: C:/Users/ghjgjhgjgjg/Desktop/swipify/frontend/test/features/auth/login_screen_test.dart: LoginScreen renders without crashing
00:04 +17: C:/Users/ghjgjhgjgjg/Desktop/swipify/frontend/test/features/auth/signup_screen_test.dart: SignupScreen renders without crashing
00:04 +18: C:/Users/ghjgjhgjgjg/Desktop/swipify/frontend/test/features/auth/signup_screen_test.dart: SignupScreen renders without crashing
00:04 +19: C:/Users/ghjgjhgjgjg/Desktop/swipify/frontend/test/features/brands_screen_test.dart: CategoriesScreen renders without crashing
00:04 +20: C:/Users/ghjgjhgjgjg/Desktop/swipify/frontend/test/features/brands_screen_test.dart: CategoriesScreen renders without crashing
ApiService: getCategories error: Instance of 'NotInitializedError'
00:05 +21: C:/Users/ghjgjhgjgjg/Desktop/swipify/frontend/test/features/profile/me_screen_test.dart: ProfileScreen renders without crashing
00:05 +22: C:/Users/ghjgjhgjgjg/Desktop/swipify/frontend/test/features/profile/me_screen_test.dart: ProfileScreen renders without crashing
00:05 +23: C:/Users/ghjgjhgjgjg/Desktop/swipify/frontend/test/features/profile/me_screen_test.dart: ProfileScreen renders without crashing
00:05 +23: C:/Users/ghjgjhgjgjg/Desktop/swipify/frontend/test/features/brands_screen_test.dart: CategoriesScreen shows app bar with title
ApiService: getCategories error: Instance of 'NotInitializedError'
00:05 +24: C:/Users/ghjgjhgjgjg/Desktop/swipify/frontend/test/features/profile/me_screen_test.dart: ProfileScreen renders without crashing
00:05 +24: C:/Users/ghjgjhgjgjg/Desktop/swipify/frontend/test/features/brands_screen_test.dart: CategoriesScreen renders a Scaffold
ApiService: getCategories error: Instance of 'NotInitializedError'
00:05 +25: C:/Users/ghjgjhgjgjg/Desktop/swipify/frontend/test/features/profile/me_screen_test.dart: ProfileScreen renders without crashing
00:05 +26: C:/Users/ghjgjhgjgjg/Desktop/swipify/frontend/test/features/profile/me_screen_test.dart: ProfileScreen renders without crashing
00:05 +26: C:/Users/ghjgjhgjgjg/Desktop/swipify/frontend/test/features/brands_screen_test.dart: CategoriesScreen shows loading indicator initially
ApiService: getCategories error: Instance of 'NotInitializedError'
00:05 +27: C:/Users/ghjgjhgjgjg/Desktop/swipify/frontend/test/features/profile/me_screen_test.dart: ProfileScreen renders without crashing
00:05 +28: C:/Users/ghjgjhgjgjg/Desktop/swipify/frontend/test/features/profile/me_screen_test.dart: ProfileScreen renders without crashing
00:05 +28: C:/Users/ghjgjhgjgjg/Desktop/swipify/frontend/test/features/brands_screen_test.dart: CategoriesScreen shows text widgets after pump
ApiService: getCategories error: Instance of 'NotInitializedError'
00:05 +29: C:/Users/ghjgjhgjgjg/Desktop/swipify/frontend/test/features/profile/me_screen_test.dart: ProfileScreen renders without crashing
00:05 +30: C:/Users/ghjgjhgjgjg/Desktop/swipify/frontend/test/features/profile/me_screen_test.dart: ProfileScreen renders without crashing
00:05 +31: C:/Users/ghjgjhgjgjg/Desktop/swipify/frontend/test/features/profile/me_screen_test.dart: ProfileScreen renders without crashing
00:06 +32: C:/Users/ghjgjhgjgjg/Desktop/swipify/frontend/test/features/profile/me_screen_test.dart: ProfileScreen renders without crashing
00:06 +33: C:/Users/ghjgjhgjgjg/Desktop/swipify/frontend/test/features/profile/me_screen_test.dart: ProfileScreen renders without crashing
00:06 +34: C:/Users/ghjgjhgjgjg/Desktop/swipify/frontend/test/features/profile/me_screen_test.dart: ProfileScreen renders without crashing
00:06 +35: C:/Users/ghjgjhgjgjg/Desktop/swipify/frontend/test/features/profile/me_screen_test.dart: ProfileScreen renders without crashing
00:06 +36: C:/Users/ghjgjhgjgjg/Desktop/swipify/frontend/test/features/auth/login_screen_test.dart: LoginScreen can enter text into email field
00:06 +37: C:/Users/ghjgjhgjgjg/Desktop/swipify/frontend/test/features/auth/signup_screen_test.dart: SignupScreen can enter text into email field
00:06 +38: C:/Users/ghjgjhgjgjg/Desktop/swipify/frontend/test/features/profile/me_screen_test.dart: ProfileScreen shows profile user name "Swipify User"
00:07 +39: C:/Users/ghjgjhgjgjg/Desktop/swipify/frontend/test/features/profile/me_screen_test.dart: ProfileScreen shows profile user name "Swipify User"
00:07 +40: C:/Users/ghjgjhgjgjg/Desktop/swipify/frontend/test/features/profile/me_screen_test.dart: ProfileScreen shows profile user name "Swipify User"
00:07 +41: C:/Users/ghjgjhgjgjg/Desktop/swipify/frontend/test/features/profile/me_screen_test.dart: ProfileScreen shows Edit Profile button
00:07 +42: C:/Users/ghjgjhgjgjg/Desktop/swipify/frontend/test/features/profile/me_screen_test.dart: ProfileScreen has a WalletSection
00:08 +43: C:/Users/ghjgjhgjgjg/Desktop/swipify/frontend/test/features/profile/sub_screens_test.dart: WalletScreen renders without crashing
00:08 +44: C:/Users/ghjgjhgjgjg/Desktop/swipify/frontend/test/features/profile/sub_screens_test.dart: WalletScreen renders without crashing
00:08 +44: C:/Users/ghjgjhgjgjg/Desktop/swipify/frontend/test/profile_seller_test.dart: Seller Analytics & Real Earnings calculateEarnings only sums "delivered" orders
[TEST] Real-time delivered earnings summation logic verified (Part 7)
00:08 +45: C:/Users/ghjgjhgjgjg/Desktop/swipify/frontend/test/features/profile/sub_screens_test.dart: WalletScreen renders without crashing
00:08 +45: C:/Users/ghjgjhgjgjg/Desktop/swipify/frontend/test/profile_seller_test.dart: Seller Analytics & Real Earnings calculateEarnings excludes "cancelled" orders
[TEST] Cancelled earnings exclusion verified (Part 7)
00:08 +46: C:/Users/ghjgjhgjgjg/Desktop/swipify/frontend/test/features/profile/sub_screens_test.dart: WalletScreen renders without crashing
00:08 +46: C:/Users/ghjgjhgjgjg/Desktop/swipify/frontend/test/profile_seller_test.dart: Profile Renaming Rules Verify Me -> My Profile label
[TEST] Profile label rename rule verified (Part 4/6)
00:08 +47: C:/Users/ghjgjhgjgjg/Desktop/swipify/frontend/test/features/profile/sub_screens_test.dart: WalletScreen renders without crashing
00:08 +47: C:/Users/ghjgjhgjgjg/Desktop/swipify/frontend/test/profile_seller_test.dart: Profile Renaming Rules Verify Start Selling -> Become a Seller label
[TEST] Seller onboarding rename rule verified (Part 4/6)
00:08 +48: C:/Users/ghjgjhgjgjg/Desktop/swipify/frontend/test/features/profile/sub_screens_test.dart: WalletScreen renders without crashing
00:08 +49: C:/Users/ghjgjhgjgjg/Desktop/swipify/frontend/test/features/profile/sub_screens_test.dart: WalletScreen renders without crashing
00:08 +50: C:/Users/ghjgjhgjgjg/Desktop/swipify/frontend/test/features/profile/sub_screens_test.dart: WalletScreen renders without crashing
00:08 +51: C:/Users/ghjgjhgjgjg/Desktop/swipify/frontend/test/features/profile/sub_screens_test.dart: WalletScreen renders without crashing
00:09 +52: C:/Users/ghjgjhgjgjg/Desktop/swipify/frontend/test/features/profile/sub_screens_test.dart: WalletScreen renders without crashing
00:09 +53: C:/Users/ghjgjhgjgjg/Desktop/swipify/frontend/test/features/profile/sub_screens_test.dart: WalletScreen renders without crashing
00:09 +54: C:/Users/ghjgjhgjgjg/Desktop/swipify/frontend/test/features/profile/sub_screens_test.dart: WalletScreen renders without crashing
00:09 +55: C:/Users/ghjgjhgjgjg/Desktop/swipify/frontend/test/features/profile/sub_screens_test.dart: WalletScreen renders without crashing
00:09 +56: C:/Users/ghjgjhgjgjg/Desktop/swipify/frontend/test/features/profile/sub_screens_test.dart: WalletScreen renders without crashing
00:09 +57: C:/Users/ghjgjhgjgjg/Desktop/swipify/frontend/test/features/profile/sub_screens_test.dart: WalletScreen renders without crashing
00:09 +57: C:/Users/ghjgjhgjgjg/Desktop/swipify/frontend/test/splash_test.dart: Splash Screen routes to MainNav if logged in
[TEST] Splash routing test verified (Conceptual/Manual)
00:09 +58: C:/Users/ghjgjhgjgjg/Desktop/swipify/frontend/test/features/profile/sub_screens_test.dart: WalletScreen renders without crashing
00:09 +58: C:/Users/ghjgjhgjgjg/Desktop/swipify/frontend/test/splash_test.dart: Splash Screen routes to Login if NOT logged in
[TEST] Splash redirect test verified (Conceptual/Manual)
00:09 +59: C:/Users/ghjgjhgjgjg/Desktop/swipify/frontend/test/features/profile/sub_screens_test.dart: WalletScreen renders without crashing
00:09 +60: C:/Users/ghjgjhgjgjg/Desktop/swipify/frontend/test/features/profile/me_screen_test.dart: OrderStatusOverview shows all four order status labels
ΓòÉΓòÉΓòí EXCEPTION CAUGHT BY FLUTTER TEST FRAMEWORK Γò₧ΓòÉΓòÉΓòÉΓòÉΓòÉΓòÉΓòÉΓòÉΓòÉΓòÉΓòÉΓòÉΓòÉΓòÉΓòÉΓòÉΓòÉΓòÉΓòÉΓòÉΓòÉΓòÉΓòÉΓòÉΓòÉΓòÉΓòÉΓòÉΓòÉΓòÉΓòÉΓòÉΓòÉΓòÉΓòÉΓòÉΓòÉΓòÉΓòÉΓòÉΓòÉΓòÉΓòÉΓòÉΓòÉΓòÉΓòÉΓòÉΓòÉΓòÉΓòÉΓòÉ
The following TestFailure was thrown running a test:
Expected: exactly one matching candidate
  Actual: _TextWidgetFinder:<Found 0 widgets with text "To Rate": []>
   Which: means none were found but one was expected

When the exception was thrown, this was the stack:
#4      main.<anonymous closure>.<anonymous closure> (file:///C:/Users/ghjgjhgjgjg/Desktop/swipify/frontend/test/features/profile/me_screen_test.dart:122:7)
<asynchronous suspension>
#5      testWidgets.<anonymous closure>.<anonymous closure> (package:flutter_test/src/widget_tester.dart:192:15)
<asynchronous suspension>
#6      TestWidgetsFlutterBinding._runTestBody (package:flutter_test/src/binding.dart:1682:5)
<asynchronous suspension>
<asynchronous suspension>
(elided one frame from package:stack_trace)

This was caught by the test expectation on the following line:
  file:///C:/Users/ghjgjhgjgjg/Desktop/swipify/frontend/test/features/profile/me_screen_test.dart line 122
The test description was:
  shows all four order status labels
ΓòÉΓòÉΓòÉΓòÉΓòÉΓòÉΓòÉΓòÉΓòÉΓòÉΓòÉΓòÉΓòÉΓòÉΓòÉΓòÉΓòÉΓòÉΓòÉΓòÉΓòÉΓòÉΓòÉΓòÉΓòÉΓòÉΓòÉΓòÉΓòÉΓòÉΓòÉΓòÉΓòÉΓòÉΓòÉΓòÉΓòÉΓòÉΓòÉΓòÉΓòÉΓòÉΓòÉΓòÉΓòÉΓòÉΓòÉΓòÉΓòÉΓòÉΓòÉΓòÉΓòÉΓòÉΓòÉΓòÉΓòÉΓòÉΓòÉΓòÉΓòÉΓòÉΓòÉΓòÉΓòÉΓòÉΓòÉΓòÉΓòÉΓòÉΓòÉΓòÉΓòÉΓòÉΓòÉΓòÉΓòÉΓòÉΓòÉΓòÉΓòÉΓòÉΓòÉΓòÉΓòÉΓòÉΓòÉΓòÉΓòÉΓòÉΓòÉΓòÉΓòÉΓòÉΓòÉΓòÉΓòÉΓòÉΓòÉΓòÉ
00:09 +60 -1: C:/Users/ghjgjhgjgjg/Desktop/swipify/frontend/test/features/profile/sub_screens_test.dart: WalletScreen shows app bar title "Swipify Wallet"
00:09 +60 -1: C:/Users/ghjgjhgjgjg/Desktop/swipify/frontend/test/features/profile/me_screen_test.dart: OrderStatusOverview shows all four order status labels [E]
  Test failed. See exception logs above.
  The test description was: shows all four order status labels
  
00:09 +61 -1: C:/Users/ghjgjhgjgjg/Desktop/swipify/frontend/test/features/profile/me_screen_test.dart: OrderStatusOverview shows a badge on "To Pay"
ΓòÉΓòÉΓòí EXCEPTION CAUGHT BY FLUTTER TEST FRAMEWORK Γò₧ΓòÉΓòÉΓòÉΓòÉΓòÉΓòÉΓòÉΓòÉΓòÉΓòÉΓòÉΓòÉΓòÉΓòÉΓòÉΓòÉΓòÉΓòÉΓòÉΓòÉΓòÉΓòÉΓòÉΓòÉΓòÉΓòÉΓòÉΓòÉΓòÉΓòÉΓòÉΓòÉΓòÉΓòÉΓòÉΓòÉΓòÉΓòÉΓòÉΓòÉΓòÉΓòÉΓòÉΓòÉΓòÉΓòÉΓòÉΓòÉΓòÉΓòÉΓòÉΓòÉ
The following TestFailure was thrown running a test:
Expected: exactly one matching candidate
  Actual: _TextWidgetFinder:<Found 0 widgets with text "2": []>
   Which: means none were found but one was expected

When the exception was thrown, this was the stack:
#4      main.<anonymous closure>.<anonymous closure> (file:///C:/Users/ghjgjhgjgjg/Desktop/swipify/frontend/test/features/profile/me_screen_test.dart:129:7)
<asynchronous suspension>
#5      testWidgets.<anonymous closure>.<anonymous closure> (package:flutter_test/src/widget_tester.dart:192:15)
<asynchronous suspension>
#6      TestWidgetsFlutterBinding._runTestBody (package:flutter_test/src/binding.dart:1682:5)
<asynchronous suspension>
<asynchronous suspension>
(elided one frame from package:stack_trace)

This was caught by the test expectation on the following line:
  file:///C:/Users/ghjgjhgjgjg/Desktop/swipify/frontend/test/features/profile/me_screen_test.dart line 129
The test description was:
  shows a badge on "To Pay"
ΓòÉΓòÉΓòÉΓòÉΓòÉΓòÉΓòÉΓòÉΓòÉΓòÉΓòÉΓòÉΓòÉΓòÉΓòÉΓòÉΓòÉΓòÉΓòÉΓòÉΓòÉΓòÉΓòÉΓòÉΓòÉΓòÉΓòÉΓòÉΓòÉΓòÉΓòÉΓòÉΓòÉΓòÉΓòÉΓòÉΓòÉΓòÉΓòÉΓòÉΓòÉΓòÉΓòÉΓòÉΓòÉΓòÉΓòÉΓòÉΓòÉΓòÉΓòÉΓòÉΓòÉΓòÉΓòÉΓòÉΓòÉΓòÉΓòÉΓòÉΓòÉΓòÉΓòÉΓòÉΓòÉΓòÉΓòÉΓòÉΓòÉΓòÉΓòÉΓòÉΓòÉΓòÉΓòÉΓòÉΓòÉΓòÉΓòÉΓòÉΓòÉΓòÉΓòÉΓòÉΓòÉΓòÉΓòÉΓòÉΓòÉΓòÉΓòÉΓòÉΓòÉΓòÉΓòÉΓòÉΓòÉΓòÉΓòÉΓòÉ
00:10 +61 -2: C:/Users/ghjgjhgjgjg/Desktop/swipify/frontend/test/features/profile/sub_screens_test.dart: WalletScreen shows total balance with peso sign
00:10 +61 -2: C:/Users/ghjgjhgjgjg/Desktop/swipify/frontend/test/features/profile/me_screen_test.dart: OrderStatusOverview shows a badge on "To Pay" [E]
  Test failed. See exception logs above.
  The test description was: shows a badge on "To Pay"
  
00:10 +62 -2: C:/Users/ghjgjhgjgjg/Desktop/swipify/frontend/test/features/profile/sub_screens_test.dart: WalletScreen shows total balance with peso sign
00:10 +63 -2: C:/Users/ghjgjhgjgjg/Desktop/swipify/frontend/test/widget_test.dart: (setUpAll)
00:10 +63 -2: C:/Users/ghjgjhgjgjg/Desktop/swipify/frontend/test/features/profile/sub_screens_test.dart: WalletScreen shows Top Up action button
00:10 +64 -2: C:/Users/ghjgjhgjgjg/Desktop/swipify/frontend/test/widget_test.dart: App Smoke Tests App stub renders a MaterialApp
00:10 +65 -2: C:/Users/ghjgjhgjgjg/Desktop/swipify/frontend/test/widget_test.dart: App Smoke Tests App stub renders a MaterialApp
00:10 +66 -2: C:/Users/ghjgjhgjgjg/Desktop/swipify/frontend/test/widget_test.dart: App Smoke Tests App stub renders a MaterialApp
00:10 +67 -2: C:/Users/ghjgjhgjgjg/Desktop/swipify/frontend/test/widget_test.dart: App Smoke Tests App stub renders a MaterialApp
00:10 +68 -2: C:/Users/ghjgjhgjgjg/Desktop/swipify/frontend/test/widget_test.dart: App Smoke Tests App stub renders a MaterialApp
00:10 +69 -2: C:/Users/ghjgjhgjgjg/Desktop/swipify/frontend/test/widget_test.dart: App Smoke Tests App stub renders a MaterialApp
00:10 +70 -2: C:/Users/ghjgjhgjgjg/Desktop/swipify/frontend/test/features/profile/sub_screens_test.dart: VouchersScreen renders without crashing
00:11 +71 -2: C:/Users/ghjgjhgjgjg/Desktop/swipify/frontend/test/features/profile/sub_screens_test.dart: VouchersScreen renders without crashing
00:11 +72 -2: C:/Users/ghjgjhgjgjg/Desktop/swipify/frontend/test/features/profile/sub_screens_test.dart: VouchersScreen renders without crashing
00:11 +73 -2: C:/Users/ghjgjhgjgjg/Desktop/swipify/frontend/test/features/profile/sub_screens_test.dart: VouchersScreen renders without crashing
00:11 +74 -2: C:/Users/ghjgjhgjgjg/Desktop/swipify/frontend/test/features/profile/sub_screens_test.dart: VouchersScreen shows app bar title "My Vouchers"
00:11 +75 -2: C:/Users/ghjgjhgjgjg/Desktop/swipify/frontend/test/features/profile/sub_screens_test.dart: VouchersScreen shows "Apply" button for voucher code input
00:11 +76 -2: C:/Users/ghjgjhgjgjg/Desktop/swipify/frontend/test/features/profile/sub_screens_test.dart: VouchersScreen shows voucher code input field
00:11 +77 -2: C:/Users/ghjgjhgjgjg/Desktop/swipify/frontend/test/features/profile/sub_screens_test.dart: OrdersScreen renders without crashing
00:11 +78 -2: C:/Users/ghjgjhgjgjg/Desktop/swipify/frontend/test/features/profile/sub_screens_test.dart: OrdersScreen shows "Purchases" app bar title
00:11 +79 -2: C:/Users/ghjgjhgjgjg/Desktop/swipify/frontend/test/features/profile/sub_screens_test.dart: OrdersScreen shows all tab labels
00:11 +80 -2: C:/Users/ghjgjhgjgjg/Desktop/swipify/frontend/test/features/profile/sub_screens_test.dart: OrdersScreen renders order cards on All tab
00:11 +81 -2: C:/Users/ghjgjhgjgjg/Desktop/swipify/frontend/test/features/profile/sub_screens_test.dart: OrdersScreen deep-links to "To Pay" tab when initialTab is 1
00:11 +82 -2: C:/Users/ghjgjhgjgjg/Desktop/swipify/frontend/test/features/profile/sub_screens_test.dart: SettingsScreen renders without crashing
00:12 +83 -2: C:/Users/ghjgjhgjgjg/Desktop/swipify/frontend/test/features/profile/sub_screens_test.dart: SettingsScreen shows "Settings" app bar title
00:12 +84 -2: C:/Users/ghjgjhgjgjg/Desktop/swipify/frontend/test/features/profile/sub_screens_test.dart: SettingsScreen shows Personal Info option
00:12 +85 -2: C:/Users/ghjgjhgjgjg/Desktop/swipify/frontend/test/features/profile/sub_screens_test.dart: SettingsScreen shows Sign Out option
00:12 +86 -2: C:/Users/ghjgjhgjgjg/Desktop/swipify/frontend/test/features/profile/sub_screens_test.dart: SettingsScreen Push Notifications toggle starts ON
00:12 +87 -2: C:/Users/ghjgjhgjgjg/Desktop/swipify/frontend/test/features/profile/sub_screens_test.dart: (tearDownAll)
00:12 +87 -2: Some tests failed.
